Archive member included to satisfy reference by file (symbol)

c:/Users/ailen/Desktop/licenta/Nios_Hello_World/software/sw_hello_world_bsp/\libhal_bsp.a(alt_load.o)
                              c:/Users/ailen/Desktop/licenta/Nios_Hello_World/software/sw_hello_world_bsp//obj/HAL/src/crt0.o (alt_load)
c:/Users/ailen/Desktop/licenta/Nios_Hello_World/software/sw_hello_world_bsp/\libhal_bsp.a(alt_main.o)
                              c:/Users/ailen/Desktop/licenta/Nios_Hello_World/software/sw_hello_world_bsp//obj/HAL/src/crt0.o (alt_main)
c:/Users/ailen/Desktop/licenta/Nios_Hello_World/software/sw_hello_world_bsp/\libhal_bsp.a(alt_putstr.o)
                              obj/default/hello_world_small.o (alt_putstr)
c:/Users/ailen/Desktop/licenta/Nios_Hello_World/software/sw_hello_world_bsp/\libhal_bsp.a(alt_usleep.o)
                              obj/default/hello_world_small.o (usleep)
c:/Users/ailen/Desktop/licenta/Nios_Hello_World/software/sw_hello_world_bsp/\libhal_bsp.a(alt_sys_init.o)
                              c:/Users/ailen/Desktop/licenta/Nios_Hello_World/software/sw_hello_world_bsp/\libhal_bsp.a(alt_main.o) (alt_irq_init)
c:/Users/ailen/Desktop/licenta/Nios_Hello_World/software/sw_hello_world_bsp/\libhal_bsp.a(altera_avalon_jtag_uart_write.o)
                              c:/Users/ailen/Desktop/licenta/Nios_Hello_World/software/sw_hello_world_bsp/\libhal_bsp.a(alt_putstr.o) (altera_avalon_jtag_uart_write)
c:/Users/ailen/Desktop/licenta/Nios_Hello_World/software/sw_hello_world_bsp/\libhal_bsp.a(alt_busy_sleep.o)
                              c:/Users/ailen/Desktop/licenta/Nios_Hello_World/software/sw_hello_world_bsp/\libhal_bsp.a(alt_usleep.o) (alt_busy_sleep)
c:/Users/ailen/Desktop/licenta/Nios_Hello_World/software/sw_hello_world_bsp/\libhal_bsp.a(alt_dcache_flush_all.o)
                              c:/Users/ailen/Desktop/licenta/Nios_Hello_World/software/sw_hello_world_bsp/\libhal_bsp.a(alt_load.o) (alt_dcache_flush_all)
c:/Users/ailen/Desktop/licenta/Nios_Hello_World/software/sw_hello_world_bsp/\libhal_bsp.a(alt_icache_flush_all.o)
                              c:/Users/ailen/Desktop/licenta/Nios_Hello_World/software/sw_hello_world_bsp/\libhal_bsp.a(alt_load.o) (alt_icache_flush_all)
c:/Users/ailen/Desktop/licenta/Nios_Hello_World/software/sw_hello_world_bsp/\libhal_bsp.a(altera_nios2_gen2_irq.o)
                              c:/Users/ailen/Desktop/licenta/Nios_Hello_World/software/sw_hello_world_bsp/\libhal_bsp.a(alt_sys_init.o) (altera_nios2_gen2_irq_init)
c:/intelfpga_lite/22.1std/nios2eds/bin/gnu/h-x86_64-mingw32/bin/../lib/gcc/nios2-elf/12.1.1/../../../../../H-x86_64-mingw32/nios2-elf/lib/mno-hw-mul\libsmallc.a(lib_a-memcpy.o)
                              c:/Users/ailen/Desktop/licenta/Nios_Hello_World/software/sw_hello_world_bsp/\libhal_bsp.a(alt_load.o) (memcpy)
c:/intelfpga_lite/22.1std/nios2eds/bin/gnu/h-x86_64-mingw32/bin/../lib/gcc/nios2-elf/12.1.1/../../../../../H-x86_64-mingw32/nios2-elf/lib/mno-hw-mul\libsmallc.a(lib_a-strlen.o)
                              c:/Users/ailen/Desktop/licenta/Nios_Hello_World/software/sw_hello_world_bsp/\libhal_bsp.a(alt_putstr.o) (strlen)
c:/intelfpga_lite/22.1std/nios2eds/bin/gnu/h-x86_64-mingw32/bin/../lib/gcc/nios2-elf/12.1.1/mno-hw-mul\libgcc.a(lib2-divmod.o)
                              c:/Users/ailen/Desktop/licenta/Nios_Hello_World/software/sw_hello_world_bsp/\libhal_bsp.a(alt_busy_sleep.o) (__udivsi3)
c:/intelfpga_lite/22.1std/nios2eds/bin/gnu/h-x86_64-mingw32/bin/../lib/gcc/nios2-elf/12.1.1/mno-hw-mul\libgcc.a(lib2-mul.o)
                              c:/Users/ailen/Desktop/licenta/Nios_Hello_World/software/sw_hello_world_bsp/\libhal_bsp.a(alt_busy_sleep.o) (__mulsi3)

Memory Configuration

Name             Origin             Length             Attributes
reset            0x0000000000001000 0x0000000000000020
onchip_memory2_0 0x0000000000001020 0x0000000000000fe0
*default*        0x0000000000000000 0xffffffffffffffff

Linker script and memory map

LOAD c:/Users/ailen/Desktop/licenta/Nios_Hello_World/software/sw_hello_world_bsp//obj/HAL/src/crt0.o
LOAD obj/default/hello_world_small.o
LOAD c:/intelfpga_lite/22.1std/nios2eds/bin/gnu/h-x86_64-mingw32/bin/../lib/gcc/nios2-elf/12.1.1/../../../../../H-x86_64-mingw32/nios2-elf/lib/mno-hw-mul\libstdc++.a
LOAD c:/intelfpga_lite/22.1std/nios2eds/bin/gnu/h-x86_64-mingw32/bin/../lib/gcc/nios2-elf/12.1.1/../../../../../H-x86_64-mingw32/nios2-elf/lib/mno-hw-mul\libm.a
LOAD c:/intelfpga_lite/22.1std/nios2eds/bin/gnu/h-x86_64-mingw32/bin/../lib/gcc/nios2-elf/12.1.1/mno-hw-mul\libgcc.a
START GROUP
LOAD c:/intelfpga_lite/22.1std/nios2eds/bin/gnu/h-x86_64-mingw32/bin/../lib/gcc/nios2-elf/12.1.1/../../../../../H-x86_64-mingw32/nios2-elf/lib/mno-hw-mul\libsmallc.a
LOAD c:/intelfpga_lite/22.1std/nios2eds/bin/gnu/h-x86_64-mingw32/bin/../lib/gcc/nios2-elf/12.1.1/mno-hw-mul\libgcc.a
LOAD c:/Users/ailen/Desktop/licenta/Nios_Hello_World/software/sw_hello_world_bsp/\libhal_bsp.a
LOAD c:/intelfpga_lite/22.1std/nios2eds/bin/gnu/h-x86_64-mingw32/bin/../lib/gcc/nios2-elf/12.1.1/../../../../../H-x86_64-mingw32/nios2-elf/lib/mno-hw-mul\libm.a
END GROUP
LOAD c:/intelfpga_lite/22.1std/nios2eds/bin/gnu/h-x86_64-mingw32/bin/../lib/gcc/nios2-elf/12.1.1/mno-hw-mul\libgcc.a
                0x0000000000001000                __alt_mem_onchip_memory2_0 = 0x1000

.entry          0x0000000000001000       0x20
 *(.entry)
 .entry         0x0000000000001000       0x20 c:/Users/ailen/Desktop/licenta/Nios_Hello_World/software/sw_hello_world_bsp//obj/HAL/src/crt0.o
                0x0000000000001000                __reset
                0x000000000000100c                _exit

.exceptions     0x0000000000001020        0x0
                0x0000000000001020                PROVIDE (__ram_exceptions_start = ABSOLUTE (.))
                0x0000000000001020                . = ALIGN (0x20)
 *(.irq)
 *(.exceptions.entry.label)
 *(.exceptions.entry.user)
 *(.exceptions.entry.ecc_fatal)
 *(.exceptions.entry)
 *(.exceptions.irqtest.user)
 *(.exceptions.irqtest)
 *(.exceptions.irqhandler.user)
 *(.exceptions.irqhandler)
 *(.exceptions.irqreturn.user)
 *(.exceptions.irqreturn)
 *(.exceptions.notirq.label)
 *(.exceptions.notirq.user)
 *(.exceptions.notirq)
 *(.exceptions.soft.user)
 *(.exceptions.soft)
 *(.exceptions.unknown.user)
 *(.exceptions.unknown)
 *(.exceptions.exit.label)
 *(.exceptions.exit.user)
 *(.exceptions.exit)
 *(.exceptions)
                0x0000000000001020                PROVIDE (__ram_exceptions_end = ABSOLUTE (.))
                0x0000000000001020                PROVIDE (__flash_exceptions_start = LOADADDR (.exceptions))

.text           0x0000000000001020      0x49c
                [!provide]                        PROVIDE (stext = ABSOLUTE (.))
 *(.interp)
 *(.hash)
 *(.dynsym)
 *(.dynstr)
 *(.gnu.version)
 *(.gnu.version_d)
 *(.gnu.version_r)
 *(.rel.init)
 *(.rela.init)
 *(.rel.text .rel.text.* .rel.gnu.linkonce.t.*)
 *(.rela.text .rela.text.* .rela.gnu.linkonce.t.*)
 *(.rel.fini)
 *(.rela.fini)
 *(.rel.rodata .rel.rodata.* .rel.gnu.linkonce.r.*)
 *(.rela.rodata .rela.rodata.* .rela.gnu.linkonce.r.*)
 *(.rel.data .rel.data.* .rel.gnu.linkonce.d.*)
 *(.rela.data .rela.data.* .rela.gnu.linkonce.d.*)
 *(.rel.tdata .rel.tdata.* .rel.gnu.linkonce.td.*)
 *(.rela.tdata .rela.tdata.* .rela.gnu.linkonce.td.*)
 *(.rel.tbss .rel.tbss.* .rel.gnu.linkonce.tb.*)
 *(.rela.tbss .rela.tbss.* .rela.gnu.linkonce.tb.*)
 *(.rel.ctors)
 *(.rela.ctors)
 *(.rel.dtors)
 *(.rela.dtors)
 *(.rel.got)
 *(.rela.got)
 *(.rel.sdata .rel.sdata.* .rel.gnu.linkonce.s.*)
 *(.rela.sdata .rela.sdata.* .rela.gnu.linkonce.s.*)
 *(.rel.sbss .rel.sbss.* .rel.gnu.linkonce.sb.*)
 *(.rela.sbss .rela.sbss.* .rela.gnu.linkonce.sb.*)
 *(.rel.sdata2 .rel.sdata2.* .rel.gnu.linkonce.s2.*)
 *(.rela.sdata2 .rela.sdata2.* .rela.gnu.linkonce.s2.*)
 *(.rel.sbss2 .rel.sbss2.* .rel.gnu.linkonce.sb2.*)
 *(.rela.sbss2 .rela.sbss2.* .rela.gnu.linkonce.sb2.*)
 *(.rel.bss .rel.bss.* .rel.gnu.linkonce.b.*)
 *(.rela.bss .rela.bss.* .rela.gnu.linkonce.b.*)
 *(.rel.plt)
 *(.rela.plt)
 *(.rel.dyn)
 *(.init)
 *(.plt)
 *(.text .stub .text.* .gnu.linkonce.t.*)
 .text          0x0000000000001020       0x3c c:/Users/ailen/Desktop/licenta/Nios_Hello_World/software/sw_hello_world_bsp//obj/HAL/src/crt0.o
                0x0000000000001020                _start
 .text          0x000000000000105c        0x0 obj/default/hello_world_small.o
 .text.startup  0x000000000000105c       0x60 obj/default/hello_world_small.o
                0x000000000000105c                main
 .text          0x00000000000010bc       0x84 c:/Users/ailen/Desktop/licenta/Nios_Hello_World/software/sw_hello_world_bsp/\libhal_bsp.a(alt_load.o)
                0x00000000000010bc                alt_load
 .text          0x0000000000001140       0x2c c:/Users/ailen/Desktop/licenta/Nios_Hello_World/software/sw_hello_world_bsp/\libhal_bsp.a(alt_main.o)
                0x0000000000001140                alt_main
 .text          0x000000000000116c       0x38 c:/Users/ailen/Desktop/licenta/Nios_Hello_World/software/sw_hello_world_bsp/\libhal_bsp.a(alt_putstr.o)
                0x000000000000116c                alt_putstr
 .text          0x00000000000011a4        0x4 c:/Users/ailen/Desktop/licenta/Nios_Hello_World/software/sw_hello_world_bsp/\libhal_bsp.a(alt_usleep.o)
                0x00000000000011a4                usleep
 .text          0x00000000000011a8       0x24 c:/Users/ailen/Desktop/licenta/Nios_Hello_World/software/sw_hello_world_bsp/\libhal_bsp.a(alt_sys_init.o)
                0x00000000000011a8                alt_irq_init
                0x00000000000011c8                alt_sys_init
 .text          0x00000000000011cc       0x30 c:/Users/ailen/Desktop/licenta/Nios_Hello_World/software/sw_hello_world_bsp/\libhal_bsp.a(altera_avalon_jtag_uart_write.o)
                0x00000000000011cc                altera_avalon_jtag_uart_write
 .text          0x00000000000011fc       0x90 c:/Users/ailen/Desktop/licenta/Nios_Hello_World/software/sw_hello_world_bsp/\libhal_bsp.a(alt_busy_sleep.o)
                0x00000000000011fc                alt_busy_sleep
 .text          0x000000000000128c        0x4 c:/Users/ailen/Desktop/licenta/Nios_Hello_World/software/sw_hello_world_bsp/\libhal_bsp.a(alt_dcache_flush_all.o)
                0x000000000000128c                alt_dcache_flush_all
 .text          0x0000000000001290        0x4 c:/Users/ailen/Desktop/licenta/Nios_Hello_World/software/sw_hello_world_bsp/\libhal_bsp.a(alt_icache_flush_all.o)
                0x0000000000001290                alt_icache_flush_all
 .text          0x0000000000001294        0x8 c:/Users/ailen/Desktop/licenta/Nios_Hello_World/software/sw_hello_world_bsp/\libhal_bsp.a(altera_nios2_gen2_irq.o)
                0x0000000000001294                altera_nios2_gen2_irq_init
 .text          0x000000000000129c        0x0 c:/intelfpga_lite/22.1std/nios2eds/bin/gnu/h-x86_64-mingw32/bin/../lib/gcc/nios2-elf/12.1.1/../../../../../H-x86_64-mingw32/nios2-elf/lib/mno-hw-mul\libsmallc.a(lib_a-memcpy.o)
 .text.memcpy   0x000000000000129c       0x28 c:/intelfpga_lite/22.1std/nios2eds/bin/gnu/h-x86_64-mingw32/bin/../lib/gcc/nios2-elf/12.1.1/../../../../../H-x86_64-mingw32/nios2-elf/lib/mno-hw-mul\libsmallc.a(lib_a-memcpy.o)
                0x000000000000129c                memcpy
 .text          0x00000000000012c4        0x0 c:/intelfpga_lite/22.1std/nios2eds/bin/gnu/h-x86_64-mingw32/bin/../lib/gcc/nios2-elf/12.1.1/../../../../../H-x86_64-mingw32/nios2-elf/lib/mno-hw-mul\libsmallc.a(lib_a-strlen.o)
 .text.strlen   0x00000000000012c4       0x1c c:/intelfpga_lite/22.1std/nios2eds/bin/gnu/h-x86_64-mingw32/bin/../lib/gcc/nios2-elf/12.1.1/../../../../../H-x86_64-mingw32/nios2-elf/lib/mno-hw-mul\libsmallc.a(lib_a-strlen.o)
                0x00000000000012c4                strlen
 .text          0x00000000000012e0      0x1b4 c:/intelfpga_lite/22.1std/nios2eds/bin/gnu/h-x86_64-mingw32/bin/../lib/gcc/nios2-elf/12.1.1/mno-hw-mul\libgcc.a(lib2-divmod.o)
                0x00000000000012e0                __divsi3
                0x0000000000001360                __modsi3
                0x00000000000013d4                __udivsi3
                0x0000000000001438                __umodsi3
 .text          0x0000000000001494       0x28 c:/intelfpga_lite/22.1std/nios2eds/bin/gnu/h-x86_64-mingw32/bin/../lib/gcc/nios2-elf/12.1.1/mno-hw-mul\libgcc.a(lib2-mul.o)
                0x0000000000001494                __mulsi3
 *(.gnu.warning.*)
 *(.fini)
                [!provide]                        PROVIDE (__etext = ABSOLUTE (.))
                [!provide]                        PROVIDE (_etext = ABSOLUTE (.))
                [!provide]                        PROVIDE (etext = ABSOLUTE (.))
 *(.eh_frame_hdr)
                0x00000000000014bc                . = ALIGN (0x4)
                [!provide]                        PROVIDE (__preinit_array_start = ABSOLUTE (.))
 *(.preinit_array)
                [!provide]                        PROVIDE (__preinit_array_end = ABSOLUTE (.))
                [!provide]                        PROVIDE (__init_array_start = ABSOLUTE (.))
 *(.init_array)
                [!provide]                        PROVIDE (__init_array_end = ABSOLUTE (.))
                [!provide]                        PROVIDE (__fini_array_start = ABSOLUTE (.))
 *(.fini_array)
                [!provide]                        PROVIDE (__fini_array_end = ABSOLUTE (.))
 *(.eh_frame)
 *(.gcc_except_table .gcc_except_table.*)
 *(.dynamic)
                [!provide]                        PROVIDE (__CTOR_LIST__ = ABSOLUTE (.))
 *(.ctors)
 *(SORT_BY_NAME(.ctors.*))
                [!provide]                        PROVIDE (__CTOR_END__ = ABSOLUTE (.))
                [!provide]                        PROVIDE (__DTOR_LIST__ = ABSOLUTE (.))
 *(.dtors)
 *(SORT_BY_NAME(.dtors.*))
                [!provide]                        PROVIDE (__DTOR_END__ = ABSOLUTE (.))
 *(.jcr)
                0x00000000000014bc                . = ALIGN (0x4)

.rodata         0x00000000000014bc       0x30
                0x00000000000014bc                PROVIDE (__ram_rodata_start = ABSOLUTE (.))
                0x00000000000014bc                . = ALIGN (0x4)
 *(.rodata .rodata.* .gnu.linkonce.r.*)
 .rodata.str1.4
                0x00000000000014bc       0x2e obj/default/hello_world_small.o
 *(.rodata1)
                0x00000000000014ec                . = ALIGN (0x4)
 *fill*         0x00000000000014ea        0x2 
                0x00000000000014ec                PROVIDE (__ram_rodata_end = ABSOLUTE (.))
                0x00000000000014bc                PROVIDE (__flash_rodata_start = LOADADDR (.rodata))

.rwdata         0x00000000000014ec        0x4 load address 0x00000000000014f0
                0x00000000000014ec                PROVIDE (__ram_rwdata_start = ABSOLUTE (.))
                0x00000000000014ec                . = ALIGN (0x4)
 *(.got.plt)
 *(.got)
 *(.data1)
 *(.data .data.* .gnu.linkonce.d.*)
 .data          0x00000000000014ec        0x0 c:/Users/ailen/Desktop/licenta/Nios_Hello_World/software/sw_hello_world_bsp//obj/HAL/src/crt0.o
 .data          0x00000000000014ec        0x0 obj/default/hello_world_small.o
 .data          0x00000000000014ec        0x0 c:/Users/ailen/Desktop/licenta/Nios_Hello_World/software/sw_hello_world_bsp/\libhal_bsp.a(alt_load.o)
 .data          0x00000000000014ec        0x0 c:/Users/ailen/Desktop/licenta/Nios_Hello_World/software/sw_hello_world_bsp/\libhal_bsp.a(alt_main.o)
 .data          0x00000000000014ec        0x0 c:/Users/ailen/Desktop/licenta/Nios_Hello_World/software/sw_hello_world_bsp/\libhal_bsp.a(alt_putstr.o)
 .data          0x00000000000014ec        0x0 c:/Users/ailen/Desktop/licenta/Nios_Hello_World/software/sw_hello_world_bsp/\libhal_bsp.a(alt_usleep.o)
 .data          0x00000000000014ec        0x0 c:/Users/ailen/Desktop/licenta/Nios_Hello_World/software/sw_hello_world_bsp/\libhal_bsp.a(alt_sys_init.o)
 .data          0x00000000000014ec        0x0 c:/Users/ailen/Desktop/licenta/Nios_Hello_World/software/sw_hello_world_bsp/\libhal_bsp.a(altera_avalon_jtag_uart_write.o)
 .data          0x00000000000014ec        0x0 c:/Users/ailen/Desktop/licenta/Nios_Hello_World/software/sw_hello_world_bsp/\libhal_bsp.a(alt_busy_sleep.o)
 .data          0x00000000000014ec        0x0 c:/Users/ailen/Desktop/licenta/Nios_Hello_World/software/sw_hello_world_bsp/\libhal_bsp.a(alt_dcache_flush_all.o)
 .data          0x00000000000014ec        0x0 c:/Users/ailen/Desktop/licenta/Nios_Hello_World/software/sw_hello_world_bsp/\libhal_bsp.a(alt_icache_flush_all.o)
 .data          0x00000000000014ec        0x0 c:/Users/ailen/Desktop/licenta/Nios_Hello_World/software/sw_hello_world_bsp/\libhal_bsp.a(altera_nios2_gen2_irq.o)
 .data          0x00000000000014ec        0x0 c:/intelfpga_lite/22.1std/nios2eds/bin/gnu/h-x86_64-mingw32/bin/../lib/gcc/nios2-elf/12.1.1/../../../../../H-x86_64-mingw32/nios2-elf/lib/mno-hw-mul\libsmallc.a(lib_a-memcpy.o)
 .data          0x00000000000014ec        0x0 c:/intelfpga_lite/22.1std/nios2eds/bin/gnu/h-x86_64-mingw32/bin/../lib/gcc/nios2-elf/12.1.1/../../../../../H-x86_64-mingw32/nios2-elf/lib/mno-hw-mul\libsmallc.a(lib_a-strlen.o)
 .data          0x00000000000014ec        0x0 c:/intelfpga_lite/22.1std/nios2eds/bin/gnu/h-x86_64-mingw32/bin/../lib/gcc/nios2-elf/12.1.1/mno-hw-mul\libgcc.a(lib2-divmod.o)
 .data          0x00000000000014ec        0x0 c:/intelfpga_lite/22.1std/nios2eds/bin/gnu/h-x86_64-mingw32/bin/../lib/gcc/nios2-elf/12.1.1/mno-hw-mul\libgcc.a(lib2-mul.o)
                0x00000000000094ec                _gp = ABSOLUTE ((. + 0x8000))
                [!provide]                        PROVIDE (gp = _gp)
 *(.rwdata .rwdata.*)
 *(.sdata .sdata.* .gnu.linkonce.s.*)
 .sdata         0x00000000000014ec        0x4 c:/Users/ailen/Desktop/licenta/Nios_Hello_World/software/sw_hello_world_bsp/\libhal_bsp.a(alt_sys_init.o)
                0x00000000000014ec                jtag_uart_0
 *(.sdata2 .sdata2.* .gnu.linkonce.s2.*)
                0x00000000000014f0                . = ALIGN (0x4)
                0x00000000000014f0                _edata = ABSOLUTE (.)
                [!provide]                        PROVIDE (edata = ABSOLUTE (.))
                0x00000000000014f0                PROVIDE (__ram_rwdata_end = ABSOLUTE (.))
                0x00000000000014f0                PROVIDE (__flash_rwdata_start = LOADADDR (.rwdata))

.bss            0x00000000000014f4       0x10
                0x00000000000014f4                __bss_start = ABSOLUTE (.)
                [!provide]                        PROVIDE (__sbss_start = ABSOLUTE (.))
                [!provide]                        PROVIDE (___sbss_start = ABSOLUTE (.))
 *(.dynsbss)
 *(.sbss .sbss.* .gnu.linkonce.sb.*)
 .sbss          0x00000000000014f4        0x2 obj/default/hello_world_small.o
                0x00000000000014f4                LED_value
 *fill*         0x00000000000014f6        0x2 
 .sbss          0x00000000000014f8        0xc c:/Users/ailen/Desktop/licenta/Nios_Hello_World/software/sw_hello_world_bsp/\libhal_bsp.a(alt_main.o)
                0x00000000000014f8                alt_envp
                0x00000000000014fc                alt_argv
                0x0000000000001500                alt_argc
 *(.sbss2 .sbss2.* .gnu.linkonce.sb2.*)
 *(.scommon)
                [!provide]                        PROVIDE (__sbss_end = ABSOLUTE (.))
                [!provide]                        PROVIDE (___sbss_end = ABSOLUTE (.))
 *(.dynbss)
 *(.bss .bss.* .gnu.linkonce.b.*)
 .bss           0x0000000000001504        0x0 c:/Users/ailen/Desktop/licenta/Nios_Hello_World/software/sw_hello_world_bsp//obj/HAL/src/crt0.o
 .bss           0x0000000000001504        0x0 obj/default/hello_world_small.o
 .bss           0x0000000000001504        0x0 c:/Users/ailen/Desktop/licenta/Nios_Hello_World/software/sw_hello_world_bsp/\libhal_bsp.a(alt_load.o)
 .bss           0x0000000000001504        0x0 c:/Users/ailen/Desktop/licenta/Nios_Hello_World/software/sw_hello_world_bsp/\libhal_bsp.a(alt_main.o)
 .bss           0x0000000000001504        0x0 c:/Users/ailen/Desktop/licenta/Nios_Hello_World/software/sw_hello_world_bsp/\libhal_bsp.a(alt_putstr.o)
 .bss           0x0000000000001504        0x0 c:/Users/ailen/Desktop/licenta/Nios_Hello_World/software/sw_hello_world_bsp/\libhal_bsp.a(alt_usleep.o)
 .bss           0x0000000000001504        0x0 c:/Users/ailen/Desktop/licenta/Nios_Hello_World/software/sw_hello_world_bsp/\libhal_bsp.a(alt_sys_init.o)
 .bss           0x0000000000001504        0x0 c:/Users/ailen/Desktop/licenta/Nios_Hello_World/software/sw_hello_world_bsp/\libhal_bsp.a(altera_avalon_jtag_uart_write.o)
 .bss           0x0000000000001504        0x0 c:/Users/ailen/Desktop/licenta/Nios_Hello_World/software/sw_hello_world_bsp/\libhal_bsp.a(alt_busy_sleep.o)
 .bss           0x0000000000001504        0x0 c:/Users/ailen/Desktop/licenta/Nios_Hello_World/software/sw_hello_world_bsp/\libhal_bsp.a(alt_dcache_flush_all.o)
 .bss           0x0000000000001504        0x0 c:/Users/ailen/Desktop/licenta/Nios_Hello_World/software/sw_hello_world_bsp/\libhal_bsp.a(alt_icache_flush_all.o)
 .bss           0x0000000000001504        0x0 c:/Users/ailen/Desktop/licenta/Nios_Hello_World/software/sw_hello_world_bsp/\libhal_bsp.a(altera_nios2_gen2_irq.o)
 .bss           0x0000000000001504        0x0 c:/intelfpga_lite/22.1std/nios2eds/bin/gnu/h-x86_64-mingw32/bin/../lib/gcc/nios2-elf/12.1.1/../../../../../H-x86_64-mingw32/nios2-elf/lib/mno-hw-mul\libsmallc.a(lib_a-memcpy.o)
 .bss           0x0000000000001504        0x0 c:/intelfpga_lite/22.1std/nios2eds/bin/gnu/h-x86_64-mingw32/bin/../lib/gcc/nios2-elf/12.1.1/../../../../../H-x86_64-mingw32/nios2-elf/lib/mno-hw-mul\libsmallc.a(lib_a-strlen.o)
 .bss           0x0000000000001504        0x0 c:/intelfpga_lite/22.1std/nios2eds/bin/gnu/h-x86_64-mingw32/bin/../lib/gcc/nios2-elf/12.1.1/mno-hw-mul\libgcc.a(lib2-divmod.o)
 .bss           0x0000000000001504        0x0 c:/intelfpga_lite/22.1std/nios2eds/bin/gnu/h-x86_64-mingw32/bin/../lib/gcc/nios2-elf/12.1.1/mno-hw-mul\libgcc.a(lib2-mul.o)
 *(COMMON)
                0x0000000000001504                . = ALIGN (0x4)
                0x0000000000001504                __bss_end = ABSOLUTE (.)

.onchip_memory2_0
                0x0000000000001504        0x0
                [!provide]                        PROVIDE (_alt_partition_onchip_memory2_0_start = ABSOLUTE (.))
 *(.onchip_memory2_0 .onchip_memory2_0. onchip_memory2_0.*)
                0x0000000000001504                . = ALIGN (0x4)
                [!provide]                        PROVIDE (_alt_partition_onchip_memory2_0_end = ABSOLUTE (.))
                0x0000000000001504                _end = ABSOLUTE (.)
                0x0000000000001504                end = ABSOLUTE (.)
                0x0000000000001504                __alt_stack_base = ABSOLUTE (.)
                [!provide]                        PROVIDE (_alt_partition_onchip_memory2_0_load_addr = LOADADDR (.onchip_memory2_0))

.stab
 *(.stab)

.stabstr
 *(.stabstr)

.stab.excl
 *(.stab.excl)

.stab.exclstr
 *(.stab.exclstr)

.stab.index
 *(.stab.index)

.stab.indexstr
 *(.stab.indexstr)

.comment        0x0000000000000000       0x2d
 *(.comment)
 .comment       0x0000000000000000       0x2d obj/default/hello_world_small.o
                                         0x2e (size before relaxing)
 .comment       0x000000000000002d       0x2e c:/Users/ailen/Desktop/licenta/Nios_Hello_World/software/sw_hello_world_bsp/\libhal_bsp.a(alt_load.o)
 .comment       0x000000000000002d       0x2e c:/Users/ailen/Desktop/licenta/Nios_Hello_World/software/sw_hello_world_bsp/\libhal_bsp.a(alt_main.o)
 .comment       0x000000000000002d       0x2e c:/Users/ailen/Desktop/licenta/Nios_Hello_World/software/sw_hello_world_bsp/\libhal_bsp.a(alt_putstr.o)
 .comment       0x000000000000002d       0x2e c:/Users/ailen/Desktop/licenta/Nios_Hello_World/software/sw_hello_world_bsp/\libhal_bsp.a(alt_usleep.o)
 .comment       0x000000000000002d       0x2e c:/Users/ailen/Desktop/licenta/Nios_Hello_World/software/sw_hello_world_bsp/\libhal_bsp.a(alt_sys_init.o)
 .comment       0x000000000000002d       0x2e c:/Users/ailen/Desktop/licenta/Nios_Hello_World/software/sw_hello_world_bsp/\libhal_bsp.a(altera_avalon_jtag_uart_write.o)
 .comment       0x000000000000002d       0x2e c:/Users/ailen/Desktop/licenta/Nios_Hello_World/software/sw_hello_world_bsp/\libhal_bsp.a(alt_busy_sleep.o)
 .comment       0x000000000000002d       0x2e c:/Users/ailen/Desktop/licenta/Nios_Hello_World/software/sw_hello_world_bsp/\libhal_bsp.a(alt_dcache_flush_all.o)
 .comment       0x000000000000002d       0x2e c:/Users/ailen/Desktop/licenta/Nios_Hello_World/software/sw_hello_world_bsp/\libhal_bsp.a(alt_icache_flush_all.o)
 .comment       0x000000000000002d       0x2e c:/Users/ailen/Desktop/licenta/Nios_Hello_World/software/sw_hello_world_bsp/\libhal_bsp.a(altera_nios2_gen2_irq.o)
 .comment       0x000000000000002d       0x2e c:/intelfpga_lite/22.1std/nios2eds/bin/gnu/h-x86_64-mingw32/bin/../lib/gcc/nios2-elf/12.1.1/../../../../../H-x86_64-mingw32/nios2-elf/lib/mno-hw-mul\libsmallc.a(lib_a-memcpy.o)
 .comment       0x000000000000002d       0x2e c:/intelfpga_lite/22.1std/nios2eds/bin/gnu/h-x86_64-mingw32/bin/../lib/gcc/nios2-elf/12.1.1/../../../../../H-x86_64-mingw32/nios2-elf/lib/mno-hw-mul\libsmallc.a(lib_a-strlen.o)
 .comment       0x000000000000002d       0x2e c:/intelfpga_lite/22.1std/nios2eds/bin/gnu/h-x86_64-mingw32/bin/../lib/gcc/nios2-elf/12.1.1/mno-hw-mul\libgcc.a(lib2-divmod.o)
 .comment       0x000000000000002d       0x2e c:/intelfpga_lite/22.1std/nios2eds/bin/gnu/h-x86_64-mingw32/bin/../lib/gcc/nios2-elf/12.1.1/mno-hw-mul\libgcc.a(lib2-mul.o)

.debug
 *(.debug)

.line
 *(.line)

.debug_srcinfo
 *(.debug_srcinfo)

.debug_sfnames
 *(.debug_sfnames)

.debug_aranges  0x0000000000000000      0x208
 *(.debug_aranges)
 .debug_aranges
                0x0000000000000000       0x28 c:/Users/ailen/Desktop/licenta/Nios_Hello_World/software/sw_hello_world_bsp//obj/HAL/src/crt0.o
 .debug_aranges
                0x0000000000000028       0x20 obj/default/hello_world_small.o
 .debug_aranges
                0x0000000000000048       0x20 c:/Users/ailen/Desktop/licenta/Nios_Hello_World/software/sw_hello_world_bsp/\libhal_bsp.a(alt_load.o)
 .debug_aranges
                0x0000000000000068       0x20 c:/Users/ailen/Desktop/licenta/Nios_Hello_World/software/sw_hello_world_bsp/\libhal_bsp.a(alt_main.o)
 .debug_aranges
                0x0000000000000088       0x20 c:/Users/ailen/Desktop/licenta/Nios_Hello_World/software/sw_hello_world_bsp/\libhal_bsp.a(alt_putstr.o)
 .debug_aranges
                0x00000000000000a8       0x20 c:/Users/ailen/Desktop/licenta/Nios_Hello_World/software/sw_hello_world_bsp/\libhal_bsp.a(alt_usleep.o)
 .debug_aranges
                0x00000000000000c8       0x20 c:/Users/ailen/Desktop/licenta/Nios_Hello_World/software/sw_hello_world_bsp/\libhal_bsp.a(alt_sys_init.o)
 .debug_aranges
                0x00000000000000e8       0x20 c:/Users/ailen/Desktop/licenta/Nios_Hello_World/software/sw_hello_world_bsp/\libhal_bsp.a(altera_avalon_jtag_uart_write.o)
 .debug_aranges
                0x0000000000000108       0x20 c:/Users/ailen/Desktop/licenta/Nios_Hello_World/software/sw_hello_world_bsp/\libhal_bsp.a(alt_busy_sleep.o)
 .debug_aranges
                0x0000000000000128       0x20 c:/Users/ailen/Desktop/licenta/Nios_Hello_World/software/sw_hello_world_bsp/\libhal_bsp.a(alt_dcache_flush_all.o)
 .debug_aranges
                0x0000000000000148       0x20 c:/Users/ailen/Desktop/licenta/Nios_Hello_World/software/sw_hello_world_bsp/\libhal_bsp.a(alt_icache_flush_all.o)
 .debug_aranges
                0x0000000000000168       0x20 c:/Users/ailen/Desktop/licenta/Nios_Hello_World/software/sw_hello_world_bsp/\libhal_bsp.a(altera_nios2_gen2_irq.o)
 .debug_aranges
                0x0000000000000188       0x20 c:/intelfpga_lite/22.1std/nios2eds/bin/gnu/h-x86_64-mingw32/bin/../lib/gcc/nios2-elf/12.1.1/../../../../../H-x86_64-mingw32/nios2-elf/lib/mno-hw-mul\libsmallc.a(lib_a-memcpy.o)
 .debug_aranges
                0x00000000000001a8       0x20 c:/intelfpga_lite/22.1std/nios2eds/bin/gnu/h-x86_64-mingw32/bin/../lib/gcc/nios2-elf/12.1.1/../../../../../H-x86_64-mingw32/nios2-elf/lib/mno-hw-mul\libsmallc.a(lib_a-strlen.o)
 .debug_aranges
                0x00000000000001c8       0x20 c:/intelfpga_lite/22.1std/nios2eds/bin/gnu/h-x86_64-mingw32/bin/../lib/gcc/nios2-elf/12.1.1/mno-hw-mul\libgcc.a(lib2-divmod.o)
 .debug_aranges
                0x00000000000001e8       0x20 c:/intelfpga_lite/22.1std/nios2eds/bin/gnu/h-x86_64-mingw32/bin/../lib/gcc/nios2-elf/12.1.1/mno-hw-mul\libgcc.a(lib2-mul.o)

.debug_pubnames
 *(.debug_pubnames)

.debug_info     0x0000000000000000     0x1266
 *(.debug_info .gnu.linkonce.wi.*)
 .debug_info    0x0000000000000000       0x22 c:/Users/ailen/Desktop/licenta/Nios_Hello_World/software/sw_hello_world_bsp//obj/HAL/src/crt0.o
 .debug_info    0x0000000000000022      0x16d obj/default/hello_world_small.o
 .debug_info    0x000000000000018f      0x239 c:/Users/ailen/Desktop/licenta/Nios_Hello_World/software/sw_hello_world_bsp/\libhal_bsp.a(alt_load.o)
 .debug_info    0x00000000000003c8      0x13e c:/Users/ailen/Desktop/licenta/Nios_Hello_World/software/sw_hello_world_bsp/\libhal_bsp.a(alt_main.o)
 .debug_info    0x0000000000000506      0x15c c:/Users/ailen/Desktop/licenta/Nios_Hello_World/software/sw_hello_world_bsp/\libhal_bsp.a(alt_putstr.o)
 .debug_info    0x0000000000000662       0xe4 c:/Users/ailen/Desktop/licenta/Nios_Hello_World/software/sw_hello_world_bsp/\libhal_bsp.a(alt_usleep.o)
 .debug_info    0x0000000000000746      0x127 c:/Users/ailen/Desktop/licenta/Nios_Hello_World/software/sw_hello_world_bsp/\libhal_bsp.a(alt_sys_init.o)
 .debug_info    0x000000000000086d      0x149 c:/Users/ailen/Desktop/licenta/Nios_Hello_World/software/sw_hello_world_bsp/\libhal_bsp.a(altera_avalon_jtag_uart_write.o)
 .debug_info    0x00000000000009b6      0x10c c:/Users/ailen/Desktop/licenta/Nios_Hello_World/software/sw_hello_world_bsp/\libhal_bsp.a(alt_busy_sleep.o)
 .debug_info    0x0000000000000ac2       0x8d c:/Users/ailen/Desktop/licenta/Nios_Hello_World/software/sw_hello_world_bsp/\libhal_bsp.a(alt_dcache_flush_all.o)
 .debug_info    0x0000000000000b4f       0x8d c:/Users/ailen/Desktop/licenta/Nios_Hello_World/software/sw_hello_world_bsp/\libhal_bsp.a(alt_icache_flush_all.o)
 .debug_info    0x0000000000000bdc       0x8d c:/Users/ailen/Desktop/licenta/Nios_Hello_World/software/sw_hello_world_bsp/\libhal_bsp.a(altera_nios2_gen2_irq.o)
 .debug_info    0x0000000000000c69      0x121 c:/intelfpga_lite/22.1std/nios2eds/bin/gnu/h-x86_64-mingw32/bin/../lib/gcc/nios2-elf/12.1.1/../../../../../H-x86_64-mingw32/nios2-elf/lib/mno-hw-mul\libsmallc.a(lib_a-memcpy.o)
 .debug_info    0x0000000000000d8a       0xd1 c:/intelfpga_lite/22.1std/nios2eds/bin/gnu/h-x86_64-mingw32/bin/../lib/gcc/nios2-elf/12.1.1/../../../../../H-x86_64-mingw32/nios2-elf/lib/mno-hw-mul\libsmallc.a(lib_a-strlen.o)
 .debug_info    0x0000000000000e5b      0x347 c:/intelfpga_lite/22.1std/nios2eds/bin/gnu/h-x86_64-mingw32/bin/../lib/gcc/nios2-elf/12.1.1/mno-hw-mul\libgcc.a(lib2-divmod.o)
 .debug_info    0x00000000000011a2       0xc4 c:/intelfpga_lite/22.1std/nios2eds/bin/gnu/h-x86_64-mingw32/bin/../lib/gcc/nios2-elf/12.1.1/mno-hw-mul\libgcc.a(lib2-mul.o)

.debug_abbrev   0x0000000000000000      0xa92
 *(.debug_abbrev)
 .debug_abbrev  0x0000000000000000       0x12 c:/Users/ailen/Desktop/licenta/Nios_Hello_World/software/sw_hello_world_bsp//obj/HAL/src/crt0.o
 .debug_abbrev  0x0000000000000012       0xbd obj/default/hello_world_small.o
 .debug_abbrev  0x00000000000000cf      0x12c c:/Users/ailen/Desktop/licenta/Nios_Hello_World/software/sw_hello_world_bsp/\libhal_bsp.a(alt_load.o)
 .debug_abbrev  0x00000000000001fb       0xeb c:/Users/ailen/Desktop/licenta/Nios_Hello_World/software/sw_hello_world_bsp/\libhal_bsp.a(alt_main.o)
 .debug_abbrev  0x00000000000002e6       0xd3 c:/Users/ailen/Desktop/licenta/Nios_Hello_World/software/sw_hello_world_bsp/\libhal_bsp.a(alt_putstr.o)
 .debug_abbrev  0x00000000000003b9       0x9b c:/Users/ailen/Desktop/licenta/Nios_Hello_World/software/sw_hello_world_bsp/\libhal_bsp.a(alt_usleep.o)
 .debug_abbrev  0x0000000000000454      0x107 c:/Users/ailen/Desktop/licenta/Nios_Hello_World/software/sw_hello_world_bsp/\libhal_bsp.a(alt_sys_init.o)
 .debug_abbrev  0x000000000000055b       0xdc c:/Users/ailen/Desktop/licenta/Nios_Hello_World/software/sw_hello_world_bsp/\libhal_bsp.a(altera_avalon_jtag_uart_write.o)
 .debug_abbrev  0x0000000000000637       0xb9 c:/Users/ailen/Desktop/licenta/Nios_Hello_World/software/sw_hello_world_bsp/\libhal_bsp.a(alt_busy_sleep.o)
 .debug_abbrev  0x00000000000006f0       0x43 c:/Users/ailen/Desktop/licenta/Nios_Hello_World/software/sw_hello_world_bsp/\libhal_bsp.a(alt_dcache_flush_all.o)
 .debug_abbrev  0x0000000000000733       0x43 c:/Users/ailen/Desktop/licenta/Nios_Hello_World/software/sw_hello_world_bsp/\libhal_bsp.a(alt_icache_flush_all.o)
 .debug_abbrev  0x0000000000000776       0x43 c:/Users/ailen/Desktop/licenta/Nios_Hello_World/software/sw_hello_world_bsp/\libhal_bsp.a(altera_nios2_gen2_irq.o)
 .debug_abbrev  0x00000000000007b9       0xc1 c:/intelfpga_lite/22.1std/nios2eds/bin/gnu/h-x86_64-mingw32/bin/../lib/gcc/nios2-elf/12.1.1/../../../../../H-x86_64-mingw32/nios2-elf/lib/mno-hw-mul\libsmallc.a(lib_a-memcpy.o)
 .debug_abbrev  0x000000000000087a       0x8c c:/intelfpga_lite/22.1std/nios2eds/bin/gnu/h-x86_64-mingw32/bin/../lib/gcc/nios2-elf/12.1.1/../../../../../H-x86_64-mingw32/nios2-elf/lib/mno-hw-mul\libsmallc.a(lib_a-strlen.o)
 .debug_abbrev  0x0000000000000906      0x10c c:/intelfpga_lite/22.1std/nios2eds/bin/gnu/h-x86_64-mingw32/bin/../lib/gcc/nios2-elf/12.1.1/mno-hw-mul\libgcc.a(lib2-divmod.o)
 .debug_abbrev  0x0000000000000a12       0x80 c:/intelfpga_lite/22.1std/nios2eds/bin/gnu/h-x86_64-mingw32/bin/../lib/gcc/nios2-elf/12.1.1/mno-hw-mul\libgcc.a(lib2-mul.o)

.debug_line     0x0000000000000000      0xae6
 *(.debug_line)
 .debug_line    0x0000000000000000       0x66 c:/Users/ailen/Desktop/licenta/Nios_Hello_World/software/sw_hello_world_bsp//obj/HAL/src/crt0.o
 .debug_line    0x0000000000000066       0xbf obj/default/hello_world_small.o
 .debug_line    0x0000000000000125       0xd2 c:/Users/ailen/Desktop/licenta/Nios_Hello_World/software/sw_hello_world_bsp/\libhal_bsp.a(alt_load.o)
 .debug_line    0x00000000000001f7       0xa2 c:/Users/ailen/Desktop/licenta/Nios_Hello_World/software/sw_hello_world_bsp/\libhal_bsp.a(alt_main.o)
 .debug_line    0x0000000000000299       0x79 c:/Users/ailen/Desktop/licenta/Nios_Hello_World/software/sw_hello_world_bsp/\libhal_bsp.a(alt_putstr.o)
 .debug_line    0x0000000000000312       0x70 c:/Users/ailen/Desktop/licenta/Nios_Hello_World/software/sw_hello_world_bsp/\libhal_bsp.a(alt_usleep.o)
 .debug_line    0x0000000000000382       0x8e c:/Users/ailen/Desktop/licenta/Nios_Hello_World/software/sw_hello_world_bsp/\libhal_bsp.a(alt_sys_init.o)
 .debug_line    0x0000000000000410       0x93 c:/Users/ailen/Desktop/licenta/Nios_Hello_World/software/sw_hello_world_bsp/\libhal_bsp.a(altera_avalon_jtag_uart_write.o)
 .debug_line    0x00000000000004a3       0xe2 c:/Users/ailen/Desktop/licenta/Nios_Hello_World/software/sw_hello_world_bsp/\libhal_bsp.a(alt_busy_sleep.o)
 .debug_line    0x0000000000000585       0x4e c:/Users/ailen/Desktop/licenta/Nios_Hello_World/software/sw_hello_world_bsp/\libhal_bsp.a(alt_dcache_flush_all.o)
 .debug_line    0x00000000000005d3       0x4c c:/Users/ailen/Desktop/licenta/Nios_Hello_World/software/sw_hello_world_bsp/\libhal_bsp.a(alt_icache_flush_all.o)
 .debug_line    0x000000000000061f       0x54 c:/Users/ailen/Desktop/licenta/Nios_Hello_World/software/sw_hello_world_bsp/\libhal_bsp.a(altera_nios2_gen2_irq.o)
 .debug_line    0x0000000000000673       0x8c c:/intelfpga_lite/22.1std/nios2eds/bin/gnu/h-x86_64-mingw32/bin/../lib/gcc/nios2-elf/12.1.1/../../../../../H-x86_64-mingw32/nios2-elf/lib/mno-hw-mul\libsmallc.a(lib_a-memcpy.o)
 .debug_line    0x00000000000006ff       0x7c c:/intelfpga_lite/22.1std/nios2eds/bin/gnu/h-x86_64-mingw32/bin/../lib/gcc/nios2-elf/12.1.1/../../../../../H-x86_64-mingw32/nios2-elf/lib/mno-hw-mul\libsmallc.a(lib_a-strlen.o)
 .debug_line    0x000000000000077b      0x2e3 c:/intelfpga_lite/22.1std/nios2eds/bin/gnu/h-x86_64-mingw32/bin/../lib/gcc/nios2-elf/12.1.1/mno-hw-mul\libgcc.a(lib2-divmod.o)
 .debug_line    0x0000000000000a5e       0x88 c:/intelfpga_lite/22.1std/nios2eds/bin/gnu/h-x86_64-mingw32/bin/../lib/gcc/nios2-elf/12.1.1/mno-hw-mul\libgcc.a(lib2-mul.o)

.debug_frame    0x0000000000000000      0x278
 *(.debug_frame)
 .debug_frame   0x0000000000000000       0x30 obj/default/hello_world_small.o
 .debug_frame   0x0000000000000030       0x2c c:/Users/ailen/Desktop/licenta/Nios_Hello_World/software/sw_hello_world_bsp/\libhal_bsp.a(alt_load.o)
 .debug_frame   0x000000000000005c       0x2c c:/Users/ailen/Desktop/licenta/Nios_Hello_World/software/sw_hello_world_bsp/\libhal_bsp.a(alt_main.o)
 .debug_frame   0x0000000000000088       0x30 c:/Users/ailen/Desktop/licenta/Nios_Hello_World/software/sw_hello_world_bsp/\libhal_bsp.a(alt_putstr.o)
 .debug_frame   0x00000000000000b8       0x20 c:/Users/ailen/Desktop/licenta/Nios_Hello_World/software/sw_hello_world_bsp/\libhal_bsp.a(alt_usleep.o)
 .debug_frame   0x00000000000000d8       0x3c c:/Users/ailen/Desktop/licenta/Nios_Hello_World/software/sw_hello_world_bsp/\libhal_bsp.a(alt_sys_init.o)
 .debug_frame   0x0000000000000114       0x20 c:/Users/ailen/Desktop/licenta/Nios_Hello_World/software/sw_hello_world_bsp/\libhal_bsp.a(altera_avalon_jtag_uart_write.o)
 .debug_frame   0x0000000000000134       0x34 c:/Users/ailen/Desktop/licenta/Nios_Hello_World/software/sw_hello_world_bsp/\libhal_bsp.a(alt_busy_sleep.o)
 .debug_frame   0x0000000000000168       0x20 c:/Users/ailen/Desktop/licenta/Nios_Hello_World/software/sw_hello_world_bsp/\libhal_bsp.a(alt_dcache_flush_all.o)
 .debug_frame   0x0000000000000188       0x20 c:/Users/ailen/Desktop/licenta/Nios_Hello_World/software/sw_hello_world_bsp/\libhal_bsp.a(alt_icache_flush_all.o)
 .debug_frame   0x00000000000001a8       0x20 c:/Users/ailen/Desktop/licenta/Nios_Hello_World/software/sw_hello_world_bsp/\libhal_bsp.a(altera_nios2_gen2_irq.o)
 .debug_frame   0x00000000000001c8       0x20 c:/intelfpga_lite/22.1std/nios2eds/bin/gnu/h-x86_64-mingw32/bin/../lib/gcc/nios2-elf/12.1.1/../../../../../H-x86_64-mingw32/nios2-elf/lib/mno-hw-mul\libsmallc.a(lib_a-memcpy.o)
 .debug_frame   0x00000000000001e8       0x20 c:/intelfpga_lite/22.1std/nios2eds/bin/gnu/h-x86_64-mingw32/bin/../lib/gcc/nios2-elf/12.1.1/../../../../../H-x86_64-mingw32/nios2-elf/lib/mno-hw-mul\libsmallc.a(lib_a-strlen.o)
 .debug_frame   0x0000000000000208       0x50 c:/intelfpga_lite/22.1std/nios2eds/bin/gnu/h-x86_64-mingw32/bin/../lib/gcc/nios2-elf/12.1.1/mno-hw-mul\libgcc.a(lib2-divmod.o)
 .debug_frame   0x0000000000000258       0x20 c:/intelfpga_lite/22.1std/nios2eds/bin/gnu/h-x86_64-mingw32/bin/../lib/gcc/nios2-elf/12.1.1/mno-hw-mul\libgcc.a(lib2-mul.o)

.debug_str      0x0000000000000000      0x4f0
 *(.debug_str)
 .debug_str     0x0000000000000000       0x6a c:/Users/ailen/Desktop/licenta/Nios_Hello_World/software/sw_hello_world_bsp//obj/HAL/src/crt0.o
 .debug_str     0x000000000000006a       0xe7 obj/default/hello_world_small.o
                                        0x130 (size before relaxing)
 .debug_str     0x0000000000000151      0x119 c:/Users/ailen/Desktop/licenta/Nios_Hello_World/software/sw_hello_world_bsp/\libhal_bsp.a(alt_load.o)
                                        0x208 (size before relaxing)
 .debug_str     0x000000000000026a       0x4b c:/Users/ailen/Desktop/licenta/Nios_Hello_World/software/sw_hello_world_bsp/\libhal_bsp.a(alt_main.o)
                                        0x138 (size before relaxing)
 .debug_str     0x00000000000002b5       0x58 c:/Users/ailen/Desktop/licenta/Nios_Hello_World/software/sw_hello_world_bsp/\libhal_bsp.a(alt_putstr.o)
                                        0x14b (size before relaxing)
 .debug_str     0x000000000000030d        0xf c:/Users/ailen/Desktop/licenta/Nios_Hello_World/software/sw_hello_world_bsp/\libhal_bsp.a(alt_usleep.o)
                                        0x116 (size before relaxing)
 .debug_str     0x000000000000031c       0x5c c:/Users/ailen/Desktop/licenta/Nios_Hello_World/software/sw_hello_world_bsp/\libhal_bsp.a(alt_sys_init.o)
                                        0x18a (size before relaxing)
 .debug_str     0x0000000000000378        0xc c:/Users/ailen/Desktop/licenta/Nios_Hello_World/software/sw_hello_world_bsp/\libhal_bsp.a(altera_avalon_jtag_uart_write.o)
                                        0x15c (size before relaxing)
 .debug_str     0x0000000000000384       0x2d c:/Users/ailen/Desktop/licenta/Nios_Hello_World/software/sw_hello_world_bsp/\libhal_bsp.a(alt_busy_sleep.o)
                                        0x12c (size before relaxing)
 .debug_str     0x00000000000003b1       0xfd c:/Users/ailen/Desktop/licenta/Nios_Hello_World/software/sw_hello_world_bsp/\libhal_bsp.a(alt_dcache_flush_all.o)
 .debug_str     0x00000000000003b1       0xfd c:/Users/ailen/Desktop/licenta/Nios_Hello_World/software/sw_hello_world_bsp/\libhal_bsp.a(alt_icache_flush_all.o)
 .debug_str     0x00000000000003b1      0x103 c:/Users/ailen/Desktop/licenta/Nios_Hello_World/software/sw_hello_world_bsp/\libhal_bsp.a(altera_nios2_gen2_irq.o)
 .debug_str     0x00000000000003b1       0x72 c:/intelfpga_lite/22.1std/nios2eds/bin/gnu/h-x86_64-mingw32/bin/../lib/gcc/nios2-elf/12.1.1/../../../../../H-x86_64-mingw32/nios2-elf/lib/mno-hw-mul\libsmallc.a(lib_a-memcpy.o)
                                        0x115 (size before relaxing)
 .debug_str     0x0000000000000423       0x72 c:/intelfpga_lite/22.1std/nios2eds/bin/gnu/h-x86_64-mingw32/bin/../lib/gcc/nios2-elf/12.1.1/../../../../../H-x86_64-mingw32/nios2-elf/lib/mno-hw-mul\libsmallc.a(lib_a-strlen.o)
                                        0x107 (size before relaxing)
 .debug_str     0x0000000000000423       0xcd c:/intelfpga_lite/22.1std/nios2eds/bin/gnu/h-x86_64-mingw32/bin/../lib/gcc/nios2-elf/12.1.1/mno-hw-mul\libgcc.a(lib2-divmod.o)
                                        0x122 (size before relaxing)
 .debug_str     0x00000000000004f0       0xe6 c:/intelfpga_lite/22.1std/nios2eds/bin/gnu/h-x86_64-mingw32/bin/../lib/gcc/nios2-elf/12.1.1/mno-hw-mul\libgcc.a(lib2-mul.o)

.debug_loc
 *(.debug_loc)

.debug_macinfo
 *(.debug_macinfo)

.debug_weaknames
 *(.debug_weaknames)

.debug_funcnames
 *(.debug_funcnames)

.debug_typenames
 *(.debug_typenames)

.debug_varnames
 *(.debug_varnames)

.debug_alt_sim_info
                0x0000000000000000       0x40
 *(.debug_alt_sim_info)
 .debug_alt_sim_info
                0x0000000000000000       0x10 c:/Users/ailen/Desktop/licenta/Nios_Hello_World/software/sw_hello_world_bsp//obj/HAL/src/crt0.o
 .debug_alt_sim_info
                0x0000000000000010       0x30 c:/Users/ailen/Desktop/licenta/Nios_Hello_World/software/sw_hello_world_bsp/\libhal_bsp.a(alt_busy_sleep.o)
                0x0000000000002000                __alt_data_end = 0x2000
                0x0000000000002000                PROVIDE (__alt_stack_pointer = __alt_data_end)
                [!provide]                        PROVIDE (__alt_stack_limit = __alt_stack_base)
                [!provide]                        PROVIDE (__alt_heap_start = end)
                [!provide]                        PROVIDE (__alt_heap_limit = 0x2000)
OUTPUT(sw_hello_world.elf elf32-littlenios2)
LOAD linker stubs

.debug_ranges   0x0000000000000000       0x20
 .debug_ranges  0x0000000000000000       0x20 c:/Users/ailen/Desktop/licenta/Nios_Hello_World/software/sw_hello_world_bsp//obj/HAL/src/crt0.o

.debug_rnglists
                0x0000000000000000       0x9b
 .debug_rnglists
                0x0000000000000000       0x13 obj/default/hello_world_small.o
 .debug_rnglists
                0x0000000000000013       0x23 c:/Users/ailen/Desktop/licenta/Nios_Hello_World/software/sw_hello_world_bsp/\libhal_bsp.a(alt_load.o)
 .debug_rnglists
                0x0000000000000036       0x13 c:/intelfpga_lite/22.1std/nios2eds/bin/gnu/h-x86_64-mingw32/bin/../lib/gcc/nios2-elf/12.1.1/../../../../../H-x86_64-mingw32/nios2-elf/lib/mno-hw-mul\libsmallc.a(lib_a-memcpy.o)
 .debug_rnglists
                0x0000000000000049       0x13 c:/intelfpga_lite/22.1std/nios2eds/bin/gnu/h-x86_64-mingw32/bin/../lib/gcc/nios2-elf/12.1.1/../../../../../H-x86_64-mingw32/nios2-elf/lib/mno-hw-mul\libsmallc.a(lib_a-strlen.o)
 .debug_rnglists
                0x000000000000005c       0x3f c:/intelfpga_lite/22.1std/nios2eds/bin/gnu/h-x86_64-mingw32/bin/../lib/gcc/nios2-elf/12.1.1/mno-hw-mul\libgcc.a(lib2-divmod.o)

.debug_line_str
                0x0000000000000000      0x72e
 .debug_line_str
                0x0000000000000000      0x117 obj/default/hello_world_small.o
                                        0x198 (size before relaxing)
 .debug_line_str
                0x0000000000000117       0xa1 c:/Users/ailen/Desktop/licenta/Nios_Hello_World/software/sw_hello_world_bsp/\libhal_bsp.a(alt_load.o)
                                        0x117 (size before relaxing)
 .debug_line_str
                0x00000000000001b8       0x4a c:/Users/ailen/Desktop/licenta/Nios_Hello_World/software/sw_hello_world_bsp/\libhal_bsp.a(alt_main.o)
                                        0x116 (size before relaxing)
 .debug_line_str
                0x0000000000000202       0xd2 c:/Users/ailen/Desktop/licenta/Nios_Hello_World/software/sw_hello_world_bsp/\libhal_bsp.a(alt_putstr.o)
                                        0x194 (size before relaxing)
 .debug_line_str
                0x00000000000002d4       0x26 c:/Users/ailen/Desktop/licenta/Nios_Hello_World/software/sw_hello_world_bsp/\libhal_bsp.a(alt_usleep.o)
                                        0x163 (size before relaxing)
 .debug_line_str
                0x00000000000002fa       0x4f c:/Users/ailen/Desktop/licenta/Nios_Hello_World/software/sw_hello_world_bsp/\libhal_bsp.a(alt_sys_init.o)
                                        0x127 (size before relaxing)
 .debug_line_str
                0x0000000000000349       0x38 c:/Users/ailen/Desktop/licenta/Nios_Hello_World/software/sw_hello_world_bsp/\libhal_bsp.a(altera_avalon_jtag_uart_write.o)
                                        0x15a (size before relaxing)
 .debug_line_str
                0x0000000000000381       0x19 c:/Users/ailen/Desktop/licenta/Nios_Hello_World/software/sw_hello_world_bsp/\libhal_bsp.a(alt_busy_sleep.o)
                                         0xf9 (size before relaxing)
 .debug_line_str
                0x000000000000039a       0x1f c:/Users/ailen/Desktop/licenta/Nios_Hello_World/software/sw_hello_world_bsp/\libhal_bsp.a(alt_dcache_flush_all.o)
                                         0xf5 (size before relaxing)
 .debug_line_str
                0x00000000000003b9       0x1f c:/Users/ailen/Desktop/licenta/Nios_Hello_World/software/sw_hello_world_bsp/\libhal_bsp.a(alt_icache_flush_all.o)
                                         0xf5 (size before relaxing)
 .debug_line_str
                0x00000000000003d8       0x20 c:/Users/ailen/Desktop/licenta/Nios_Hello_World/software/sw_hello_world_bsp/\libhal_bsp.a(altera_nios2_gen2_irq.o)
                                         0xf8 (size before relaxing)
 .debug_line_str
                0x00000000000003f8      0x1cb c:/intelfpga_lite/22.1std/nios2eds/bin/gnu/h-x86_64-mingw32/bin/../lib/gcc/nios2-elf/12.1.1/../../../../../H-x86_64-mingw32/nios2-elf/lib/mno-hw-mul\libsmallc.a(lib_a-memcpy.o)
                                        0x2b3 (size before relaxing)
 .debug_line_str
                0x00000000000005c3       0x3f c:/intelfpga_lite/22.1std/nios2eds/bin/gnu/h-x86_64-mingw32/bin/../lib/gcc/nios2-elf/12.1.1/../../../../../H-x86_64-mingw32/nios2-elf/lib/mno-hw-mul\libsmallc.a(lib_a-strlen.o)
                                        0x2b3 (size before relaxing)
 .debug_line_str
                0x0000000000000602       0xf2 c:/intelfpga_lite/22.1std/nios2eds/bin/gnu/h-x86_64-mingw32/bin/../lib/gcc/nios2-elf/12.1.1/mno-hw-mul\libgcc.a(lib2-divmod.o)
                                        0x1b6 (size before relaxing)
 .debug_line_str
                0x00000000000006f4       0x3a c:/intelfpga_lite/22.1std/nios2eds/bin/gnu/h-x86_64-mingw32/bin/../lib/gcc/nios2-elf/12.1.1/mno-hw-mul\libgcc.a(lib2-mul.o)
                                        0x1ad (size before relaxing)

.debug_loclists
                0x0000000000000000      0x623
 .debug_loclists
                0x0000000000000000       0x2c c:/Users/ailen/Desktop/licenta/Nios_Hello_World/software/sw_hello_world_bsp/\libhal_bsp.a(alt_putstr.o)
 .debug_loclists
                0x000000000000002c       0x1e c:/Users/ailen/Desktop/licenta/Nios_Hello_World/software/sw_hello_world_bsp/\libhal_bsp.a(alt_usleep.o)
 .debug_loclists
                0x000000000000004a       0x1e c:/Users/ailen/Desktop/licenta/Nios_Hello_World/software/sw_hello_world_bsp/\libhal_bsp.a(alt_sys_init.o)
 .debug_loclists
                0x0000000000000068       0x5e c:/Users/ailen/Desktop/licenta/Nios_Hello_World/software/sw_hello_world_bsp/\libhal_bsp.a(altera_avalon_jtag_uart_write.o)
 .debug_loclists
                0x00000000000000c6       0x8a c:/Users/ailen/Desktop/licenta/Nios_Hello_World/software/sw_hello_world_bsp/\libhal_bsp.a(alt_busy_sleep.o)
 .debug_loclists
                0x0000000000000150       0xcc c:/intelfpga_lite/22.1std/nios2eds/bin/gnu/h-x86_64-mingw32/bin/../lib/gcc/nios2-elf/12.1.1/../../../../../H-x86_64-mingw32/nios2-elf/lib/mno-hw-mul\libsmallc.a(lib_a-memcpy.o)
 .debug_loclists
                0x000000000000021c       0x32 c:/intelfpga_lite/22.1std/nios2eds/bin/gnu/h-x86_64-mingw32/bin/../lib/gcc/nios2-elf/12.1.1/../../../../../H-x86_64-mingw32/nios2-elf/lib/mno-hw-mul\libsmallc.a(lib_a-strlen.o)
 .debug_loclists
                0x000000000000024e      0x37a c:/intelfpga_lite/22.1std/nios2eds/bin/gnu/h-x86_64-mingw32/bin/../lib/gcc/nios2-elf/12.1.1/mno-hw-mul\libgcc.a(lib2-divmod.o)
 .debug_loclists
                0x00000000000005c8       0x5b c:/intelfpga_lite/22.1std/nios2eds/bin/gnu/h-x86_64-mingw32/bin/../lib/gcc/nios2-elf/12.1.1/mno-hw-mul\libgcc.a(lib2-mul.o)
